
[1m[46m RUN [49m[22m [36mv4.0.16 [39m[90mC:/Users/GuilhermeBusato/Dev/open-rosary[39m

 [31mΓ¥»[39m src/lib/liturgical.test.ts [2m([22m[2m21 tests[22m[2m | [22m[31m1 failed[39m[2m)[22m[32m 11[2mms[22m[39m
       [32mΓ£ô[39m should return Gold for Christmas (Dec 25)[32m 1[2mms[22m[39m
       [32mΓ£ô[39m should return Gold for Epiphany (Jan 6)[32m 0[2mms[22m[39m
       [32mΓ£ô[39m should return Gold for All Saints (Nov 1)[32m 0[2mms[22m[39m
       [32mΓ£ô[39m should return Black/Violet for All Souls (Nov 2)[32m 0[2mms[22m[39m
       [32mΓ£ô[39m should return Gold for Immaculate Conception (Dec 8)[32m 0[2mms[22m[39m
       [32mΓ£ô[39m should return Red for Sts. Peter and Paul (Jun 29)[32m 0[2mms[22m[39m
       [32mΓ£ô[39m should return White for Transfiguration (Aug 6)[32m 0[2mms[22m[39m
       [32mΓ£ô[39m should return Purple for Ash Wednesday (Mar 5, 2025)[32m 0[2mms[22m[39m
       [32mΓ£ô[39m should return Purple for a Random Lenten Day (Mar 10, 2025)[32m 0[2mms[22m[39m
       [32mΓ£ô[39m should return Rose for Laetare Sunday (4th Sun of Lent)[32m 0[2mms[22m[39m
       [32mΓ£ô[39m should return Red for Good Friday (Apr 18, 2025)[32m 0[2mms[22m[39m
       [32mΓ£ô[39m should return Gold for Easter Sunday (Apr 20, 2025)[32m 0[2mms[22m[39m
       [32mΓ£ô[39m should return White for Easter Octave (Apr 24, 2025)[32m 0[2mms[22m[39m
       [32mΓ£ô[39m should return Gold for Ascension (May 29, 2025 - Thursday)[32m 0[2mms[22m[39m
       [32mΓ£ô[39m should return Red for Pentecost (Jun 8, 2025)[32m 0[2mms[22m[39m
       [32mΓ£ô[39m should return Gold for Trinity Sunday (Jun 15, 2025)[32m 0[2mms[22m[39m
       [32mΓ£ô[39m should return Purple for Advent Start (Nov 30, 2025)[32m 0[2mms[22m[39m
       [32mΓ£ô[39m should return Rose for Gaudete Sunday (Dec 14, 2025)[32m 0[2mms[22m[39m
[31m       [31m├ù[31m should return White for Christmas Season (Dec 27, 2025)[39m[32m 5[2mms[22m[39m
       [32mΓ£ô[39m should return Green for Ordinary Time (Jan 15, 2025)[32m 0[2mms[22m[39m
       [32mΓ£ô[39m should return Green for Ordinary Time (Oct 10, 2025)[32m 0[2mms[22m[39m

[2m Test Files [22m [1m[31m1 failed[39m[22m[90m (1)[39m
[2m      Tests [22m [1m[31m1 failed[39m[22m[2m | [22m[1m[32m20 passed[39m[22m[90m (21)[39m
[2m   Start at [22m 19:28:42
[2m   Duration [22m 242ms[2m (transform 63ms, setup 0ms, import 80ms, tests 11ms, environment 0ms)[22m

